{ type:"Documentation",
  blocks:[ { type:"CommentBlock",
      description:"# Descriptions\n\nLong description that spans multiple\nlines and even has markdown type things.\n\nLike more paragraphs.\n\n* And\n* Lists\n\n    code = 'samples'\n\n",
      trailingCode:"",
      tags:[ { type:"CommentBlockTag",
          tag:"arg",
          kind:"Type",
          name:"name",
          description:"Description.\n" },
        { type:"CommentBlockTag",
          tag:"arg",
          kind:"Type",
          name:"name",
          description:"Description that is really long\n  and wraps to other lines.\n" },
        { type:"CommentBlockTag",
          tag:"arg",
          kind:"Type",
          name:"name",
          description:"Description that is really long\n  and wraps to other lines.\n\n  And has line breaks, etc.\n\n" },
        { type:"CommentBlockTag",
          tag:"example",
          kind:"",
          name:"",
          description:"\n\n    foo = 'bar'\n\n" },
        { type:"CommentBlockTag",
          tag:"tag",
          kind:"",
          name:"",
          description:"Foo bar." },
        { type:"CommentBlockTag",
          tag:"tag",
          kind:"",
          name:"",
          description:"" } ] },
    { type:"CommentBlock",
      description:"# Named Tags\n\n",
      trailingCode:"",
      tags:[ { type:"CommentBlockTag",
          tag:"arg",
          kind:"",
          name:"name",
          description:"Description here.\n" },
        { type:"CommentBlockTag",
          tag:"argument",
          kind:"",
          name:"name",
          description:"Description here.\n" },
        { type:"CommentBlockTag",
          tag:"class",
          kind:"",
          name:"name",
          description:"Description here.\n" },
        { type:"CommentBlockTag",
          tag:"exports",
          kind:"",
          name:"name",
          description:"Description here.\n" },
        { type:"CommentBlockTag",
          tag:"extends",
          kind:"",
          name:"name",
          description:"Description here.\n" },
        { type:"CommentBlockTag",
          tag:"imports",
          kind:"",
          name:"name",
          description:"Description here.\n" },
        { type:"CommentBlockTag",
          tag:"method",
          kind:"",
          name:"name",
          description:"Description here.\n" },
        { type:"CommentBlockTag",
          tag:"module",
          kind:"",
          name:"name",
          description:"Description here.\n" },
        { type:"CommentBlockTag",
          tag:"param",
          kind:"",
          name:"name",
          description:"Description here.\n" },
        { type:"CommentBlockTag",
          tag:"parameter",
          kind:"",
          name:"name",
          description:"Description here.\n" },
        { type:"CommentBlockTag",
          tag:"prop",
          kind:"",
          name:"name",
          description:"Description here.\n" },
        { type:"CommentBlockTag",
          tag:"property",
          kind:"",
          name:"name",
          description:"Description here.\n\n" },
        { type:"CommentBlockTag",
          tag:"arg",
          kind:"Type",
          name:"name",
          description:"Description here.\n" },
        { type:"CommentBlockTag",
          tag:"arg",
          kind:"Type",
          name:"name",
          description:"Description here.\n" },
        { type:"CommentBlockTag",
          tag:"arg",
          kind:"Type",
          name:"Description",
          description:"here.\n" },
        { type:"CommentBlockTag",
          tag:"arg",
          kind:"",
          name:"name",
          description:"Description here.\n" },
        { type:"CommentBlockTag",
          tag:"arg",
          kind:"",
          name:"name",
          description:"Description here.\n" },
        { type:"CommentBlockTag",
          tag:"arg",
          kind:"",
          name:"Description",
          description:"here.\n" },
        { type:"CommentBlockTag",
          tag:"arg",
          kind:"",
          name:"",
          description:"" } ] },
    { type:"CommentBlock",
      description:"# Unnamed Tags\n\n",
      trailingCode:"",
      tags:[ { type:"CommentBlockTag",
          tag:"tag",
          kind:"Type",
          name:"name",
          description:"Description here.\n" },
        { type:"CommentBlockTag",
          tag:"tag",
          kind:"Type",
          name:"",
          description:"name Description here." },
        { type:"CommentBlockTag",
          tag:"tag",
          kind:"Type",
          name:"",
          description:"Description here." },
        { type:"CommentBlockTag",
          tag:"tag",
          kind:"",
          name:"name",
          description:"Description here.\n" },
        { type:"CommentBlockTag",
          tag:"tag",
          kind:"",
          name:"",
          description:"name Description here." },
        { type:"CommentBlockTag",
          tag:"tag",
          kind:"",
          name:"",
          description:"Description here." },
        { type:"CommentBlockTag",
          tag:"tag",
          kind:"",
          name:"",
          description:"" } ] },
    { type:"CommentBlock",
      description:"# Complex Names\n\n",
      trailingCode:"",
      tags:[ { type:"CommentBlockTag",
          tag:"arg",
          kind:"",
          name:"[name=\"hello world\"]",
          description:"Description here.\n" },
        { type:"CommentBlockTag",
          tag:"arg",
          kind:"",
          name:"[name={}]",
          description:"Description here.\n" },
        { type:"CommentBlockTag",
          tag:"arg",
          kind:"",
          name:"[name]",
          description:"Description here.\n" },
        { type:"CommentBlockTag",
          tag:"arg",
          kind:"",
          name:"name",
          description:"Description here.\n" },
        { type:"CommentBlockTag",
          tag:"arg",
          kind:"",
          name:"name",
          description:"" } ] },
    { type:"CommentBlock",
      description:"# Complex Types\n\n",
      trailingCode:"",
      tags:[ { type:"CommentBlockTag",
          tag:"tag",
          kind:"Function(String|Object, ...[Number]): Number",
          name:"",
          description:"Description here." },
        { type:"CommentBlockTag",
          tag:"tag",
          kind:"Array.<Object.<String,Number>>",
          name:"",
          description:"Description here." },
        { type:"CommentBlockTag",
          tag:"tag",
          kind:"String|Object",
          name:"",
          description:"Description here." },
        { type:"CommentBlockTag",
          tag:"tag",
          kind:"Type",
          name:"",
          description:"Description here." },
        { type:"CommentBlockTag",
          tag:"tag",
          kind:"Type",
          name:"",
          description:"" } ] },
    { type:"CommentBlock",
      description:"# Non-matching Patterns",
      trailingCode:"# ignore\n\n#! ignore\n\n#\n# ignore\n#\n\n#!\n# ignore\n#\n\n# ## ignore\nfoo = '## ignore ';\nfoo = (/** ignore */) => {};\nconsole.log foo ## ignore\n# ignore ##",
      tags:[  ] } ] }
