{
  "type": "Documentation",
  "body": [
    {
      "type": "CommentBlock",
      "description": "",
      "trailingCode": "",
      "tags": [
        {
          "type": "CommentBlockTag",
          "tag": "arg",
          "kind": "Type",
          "name": "[name]",
          "description": "Description."
        }
      ]
    },
    {
      "type": "CommentBlock",
      "description": "",
      "trailingCode": "",
      "tags": [
        {
          "type": "CommentBlockTag",
          "tag": "arg",
          "kind": "Type",
          "name": "[name]",
          "description": "Description."
        }
      ]
    },
    {
      "type": "CommentBlock",
      "description": "",
      "trailingCode": "",
      "tags": [
        {
          "type": "CommentBlockTag",
          "tag": "arg",
          "kind": "Type",
          "name": "name",
          "description": "Description."
        }
      ]
    },
    {
      "type": "CommentBlock",
      "description": "",
      "trailingCode": "",
      "tags": [
        {
          "type": "CommentBlockTag",
          "tag": "arg",
          "kind": "Type",
          "name": "name",
          "description": "Description."
        }
      ]
    },
    {
      "type": "CommentBlock",
      "description": "",
      "trailingCode": "",
      "tags": [
        {
          "type": "CommentBlockTag",
          "tag": "arg",
          "kind": "Type",
          "name": "[name]"
        }
      ]
    },
    {
      "type": "CommentBlock",
      "description": "",
      "trailingCode": "",
      "tags": [
        {
          "type": "CommentBlockTag",
          "tag": "arg",
          "kind": "Type",
          "name": "name"
        }
      ]
    },
    {
      "type": "CommentBlock",
      "description": "",
      "trailingCode": "",
      "tags": [
        {
          "type": "CommentBlockTag",
          "tag": "arg",
          "name": "[name]",
          "description": "Description."
        }
      ]
    },
    {
      "type": "CommentBlock",
      "description": "",
      "trailingCode": "",
      "tags": [
        {
          "type": "CommentBlockTag",
          "tag": "arg",
          "name": "[name]",
          "description": "Description."
        }
      ]
    },
    {
      "type": "CommentBlock",
      "description": "",
      "trailingCode": "",
      "tags": [
        {
          "type": "CommentBlockTag",
          "tag": "arg",
          "name": "name",
          "description": "Description."
        }
      ]
    },
    {
      "type": "CommentBlock",
      "description": "",
      "trailingCode": "",
      "tags": [
        {
          "type": "CommentBlockTag",
          "tag": "arg",
          "name": "name",
          "description": "Description."
        }
      ]
    },
    {
      "type": "CommentBlock",
      "description": "",
      "trailingCode": "",
      "tags": [
        {
          "type": "CommentBlockTag",
          "tag": "arg",
          "name": "[name]"
        }
      ]
    },
    {
      "type": "CommentBlock",
      "description": "",
      "trailingCode": "",
      "tags": [
        {
          "type": "CommentBlockTag",
          "tag": "arg",
          "name": "name"
        }
      ]
    }
  ]
}
