[
    { "type": "Code", "body": "" },
    { "type": "DocBlock", "description": "", "tags": [{ "tag": "arg", "type": "{Type}", "name": "[name]", "description": "Description." }] },
    { "type": "Code", "body": "\n" },
    { "type": "DocBlock", "description": "", "tags": [{ "tag": "arg", "type": "{Type}", "name": "[name]", "description": "Description." }] },
    { "type": "Code", "body": "\n" },
    { "type": "DocBlock", "description": "", "tags": [{ "tag": "arg", "type": "{Type}", "name": "name", "description": "Description." }] },
    { "type": "Code", "body": "\n" },
    { "type": "DocBlock", "description": "", "tags": [{ "tag": "arg", "type": "{Type}", "name": "name", "description": "Description." }] },
    { "type": "Code", "body": "\n" },
    { "type": "DocBlock", "description": "", "tags": [{ "tag": "arg", "type": "{Type}", "name": "[name]" }] },
    { "type": "Code", "body": "\n" },
    { "type": "DocBlock", "description": "", "tags": [{ "tag": "arg", "type": "{Type}", "name": "name" }] },
    { "type": "Code", "body": "\n" },
    { "type": "DocBlock", "description": "", "tags": [{ "tag": "arg", "name": "[name]", "description": "Description." }] },
    { "type": "Code", "body": "\n" },
    { "type": "DocBlock", "description": "", "tags": [{ "tag": "arg", "name": "[name]", "description": "Description." }] },
    { "type": "Code", "body": "\n" },
    { "type": "DocBlock", "description": "", "tags": [{ "tag": "arg", "name": "name", "description": "Description." }] },
    { "type": "Code", "body": "\n" },
    { "type": "DocBlock", "description": "", "tags": [{ "tag": "arg", "name": "name", "description": "Description." }] },
    { "type": "Code", "body": "\n" },
    { "type": "DocBlock", "description": "", "tags": [{ "tag": "arg", "name": "[name]" }] },
    { "type": "Code", "body": "\n" },
    { "type": "DocBlock", "description": "", "tags": [{ "tag": "arg", "name": "name" }] },
    { "type": "Code", "body": "\n" }
]
