{
  "type": "Documentation",
  "body": [
    {
      "type": "CommentBlock",
      "description": "# Title\n\nLong description that spans multiple\nlines and even has other markdown\ntype things.\n\nLike more paragraphs.\n\n* Like\n* Lists\n\n    <code>samples</code>\n\n",
      "trailingCode": "",
      "tags": [
        {
          "type": "CommentBlockTag",
          "tag": "arg",
          "kind": "Type",
          "name": "name",
          "description": "Description.\n"
        },
        {
          "type": "CommentBlockTag",
          "tag": "arg",
          "kind": "Type",
          "name": "name",
          "description": "Description that is really long\n  and wraps to other lines.\n"
        },
        {
          "type": "CommentBlockTag",
          "tag": "arg",
          "kind": "Type",
          "name": "name",
          "description": "Description that is really long\n  and wraps to other lines.\n\n  And has line breaks, etc.\n\n"
        },
        {
          "type": "CommentBlockTag",
          "tag": "example",
          "description": "\n\n    <ul>\n        {{#each item}}\n            <li>{{.}}</li>\n        {{/each}}\n    </ul>\n\n"
        },
        {
          "type": "CommentBlockTag",
          "tag": "tag",
          "description": "\n"
        }
      ]
    },
    {
      "type": "CommentBlock",
      "description": "# Title\n\nLong description that spans multiple\nlines and even has other markdown\ntype things.\n\nLike more paragraphs.\n\n* Like\n* Lists\n\n    <code>samples</code>\n\n",
      "trailingCode": "",
      "tags": [
        {
          "type": "CommentBlockTag",
          "tag": "arg",
          "kind": "Type",
          "name": "name",
          "description": "Description.\n"
        },
        {
          "type": "CommentBlockTag",
          "tag": "arg",
          "kind": "Type",
          "name": "name",
          "description": "Description that is really long\n  and wraps to other lines.\n"
        },
        {
          "type": "CommentBlockTag",
          "tag": "arg",
          "kind": "Type",
          "name": "name",
          "description": "Description that is really long\n  and wraps to other lines.\n\n  And has line breaks, etc.\n\n"
        },
        {
          "type": "CommentBlockTag",
          "tag": "example",
          "description": "\n\n    <ul>\n        {{#each item}}\n            <li>{{.}}</li>\n        {{/each}}\n    </ul>\n\n"
        },
        {
          "type": "CommentBlockTag",
          "tag": "tag"
        }
      ]
    },
    {
      "type": "CommentBlock",
      "description": "# Title\n\nLong description that spans multiple\nlines and even has other markdown\ntype things.\n\nLike more paragraphs.\n\n* Like\n* Lists\n\n    <code>{{samples}}</code>\n\n",
      "trailingCode": "",
      "tags": [
        {
          "type": "CommentBlockTag",
          "tag": "arg",
          "kind": "Type",
          "name": "name",
          "description": "Description.\n"
        },
        {
          "type": "CommentBlockTag",
          "tag": "arg",
          "kind": "Type",
          "name": "name",
          "description": "Description that is really long\n  and wraps to other lines.\n"
        },
        {
          "type": "CommentBlockTag",
          "tag": "arg",
          "kind": "Type",
          "name": "name",
          "description": "Description that is really long\n  and wraps to other lines.\n\n  And has line breaks, etc.\n\n"
        },
        {
          "type": "CommentBlockTag",
          "tag": "example",
          "description": "\n\n    <ul>\n        {{#each item}}\n            <li>{{.}}</li>\n        {{/each}}\n    </ul>\n\n"
        },
        {
          "type": "CommentBlockTag",
          "tag": "tag"
        }
      ]
    },
    {
      "type": "CommentBlock",
      "description": "# Title\n\nLong description that spans multiple\nlines and even has other markdown\ntype things.\n\nLike more paragraphs.\n\n* Like\n* Lists\n\n    <code>samples</code>\n\n",
      "trailingCode": "",
      "tags": [
        {
          "type": "CommentBlockTag",
          "tag": "arg",
          "kind": "Type",
          "name": "name",
          "description": "Description.\n"
        },
        {
          "type": "CommentBlockTag",
          "tag": "arg",
          "kind": "Type",
          "name": "name",
          "description": "Description that is really long\n  and wraps to other lines.\n"
        },
        {
          "type": "CommentBlockTag",
          "tag": "arg",
          "kind": "Type",
          "name": "name",
          "description": "Description that is really long\n  and wraps to other lines.\n\n  And has line breaks, etc.\n\n"
        },
        {
          "type": "CommentBlockTag",
          "tag": "example",
          "description": "\n\n    <ul>\n        {{#each item}}\n            <li>{{.}}</li>\n        {{/each}}\n    </ul>\n\n"
        },
        {
          "type": "CommentBlockTag",
          "tag": "tag",
          "description": "\n"
        }
      ]
    },
    {
      "type": "CommentBlock",
      "description": "# Title\n\nLong description that spans multiple\nlines and even has other markdown\ntype things.\n\nLike more paragraphs.\n\n* Like\n* Lists\n\n    <code>samples</code>\n\n",
      "trailingCode": "",
      "tags": [
        {
          "type": "CommentBlockTag",
          "tag": "arg",
          "kind": "Type",
          "name": "name",
          "description": "Description.\n"
        },
        {
          "type": "CommentBlockTag",
          "tag": "arg",
          "kind": "Type",
          "name": "name",
          "description": "Description that is really long\n  and wraps to other lines.\n"
        },
        {
          "type": "CommentBlockTag",
          "tag": "arg",
          "kind": "Type",
          "name": "name",
          "description": "Description that is really long\n  and wraps to other lines.\n\n  And has line breaks, etc.\n\n"
        },
        {
          "type": "CommentBlockTag",
          "tag": "example",
          "description": "\n\n    <ul>\n        {{#each item}}\n            <li>{{.}}</li>\n        {{/each}}\n    </ul>\n\n"
        },
        {
          "type": "CommentBlockTag",
          "tag": "tag"
        }
      ]
    },
    {
      "type": "CommentBlock",
      "description": "# Title\n\nLong description that spans multiple\nlines and even has other markdown\ntype things.\n\nLike more paragraphs.\n\n* Like\n* Lists\n\n    <code>{{samples}}</code>\n\n",
      "trailingCode": "{{! ignore }}\n{{!-- ignore --}}\n{{!\n  ! ignore\n  !}}\n<!-- {{!--- ignore -->\n<!-- ignore }} -->",
      "tags": [
        {
          "type": "CommentBlockTag",
          "tag": "arg",
          "kind": "Type",
          "name": "name",
          "description": "Description.\n"
        },
        {
          "type": "CommentBlockTag",
          "tag": "arg",
          "kind": "Type",
          "name": "name",
          "description": "Description that is really long\n  and wraps to other lines.\n"
        },
        {
          "type": "CommentBlockTag",
          "tag": "arg",
          "kind": "Type",
          "name": "name",
          "description": "Description that is really long\n  and wraps to other lines.\n\n  And has line breaks, etc.\n\n"
        },
        {
          "type": "CommentBlockTag",
          "tag": "example",
          "description": "\n\n    <ul>\n        {{#each item}}\n            <li>{{.}}</li>\n        {{/each}}\n    </ul>\n\n"
        },
        {
          "type": "CommentBlockTag",
          "tag": "tag"
        }
      ]
    }
  ]
}
