{
  "type": "Documentation",
  "body": [
    {
      "type": "CommentBlock",
      "description": "",
      "trailingCode": "use strict;\nuse warnings;\n\nprint \"hello world\";",
      "tags": []
    },
    {
      "type": "CommentBlock",
      "description": "\n# Title\n\nLong description that spans multiple\nlines and even has other markdown\ntype things.\n\nLike more paragraphs.\n\n* Like\n* Lists\n\n    my $code = \"samples\";\n\n",
      "trailingCode": "",
      "tags": [
        {
          "type": "CommentBlockTag",
          "tag": "arg",
          "kind": "Type",
          "name": "name",
          "description": "Description.\n"
        },
        {
          "type": "CommentBlockTag",
          "tag": "arg",
          "kind": "Type",
          "name": "name",
          "description": "Description that is really long\n  and wraps to other lines.\n"
        },
        {
          "type": "CommentBlockTag",
          "tag": "arg",
          "kind": "Type",
          "name": "name",
          "description": "Description that is really long\n  and wraps to other lines.\n\n  And has line breaks, etc.\n\n"
        },
        {
          "type": "CommentBlockTag",
          "tag": "example",
          "description": "\n\n    my $foo = \"bar\";\n\n"
        },
        {
          "type": "CommentBlockTag",
          "tag": "tag"
        }
      ]
    }
  ]
}
