[
    { "type": "Code", "body": "" },
    { "type": "DocBlock", "description": "description", "tags": [] },
    { "type": "Code", "body": "\n" },
    { "type": "DocBlock", "description": "description", "tags": [] },
    { "type": "Code", "body": "\n" },
    { "type": "DocBlock", "description": "description", "tags": [] },
    { "type": "Code", "body": "\n" }
]
