{
  "type": "Documentation",
  "body": [
    {
      "type": "CommentBlock",
      "description": "description",
      "trailingCode": "",
      "tags": []
    },
    {
      "type": "CommentBlock",
      "description": "description",
      "trailingCode": "",
      "tags": []
    },
    {
      "type": "CommentBlock",
      "description": "description",
      "trailingCode": "",
      "tags": []
    }
  ]
}
