[
    { "type": "Code", "body": "/**/\n" },
    { "type": "DocBlock", "description": "", "tags": [] },
    { "type": "Code", "body": "\n" },
    { "type": "DocBlock", "description": "", "tags": [] },
    { "type": "Code", "body": "\n" },
    { "type": "DocBlock", "description": "", "tags": [] },
    { "type": "Code", "body": "\n" },
    { "type": "DocBlock", "description": "", "tags": [] },
    { "type": "Code", "body": "\n" }
]
