{
  "type": "Documentation",
  "body": [
    {
      "type": "CommentBlock",
      "description": "# Title\n\nLong description that spans multiple\nlines and even has other markdown\ntype things.\n\nLike more paragraphs.\n\n* Like\n* Lists\n\n    var code = 'samples';\n\n",
      "trailingCode": "",
      "tags": [
        {
          "type": "CommentBlockTag",
          "tag": "arg",
          "kind": "Type",
          "name": "name",
          "description": "Description.\n"
        },
        {
          "type": "CommentBlockTag",
          "tag": "arg",
          "kind": "Type",
          "name": "name",
          "description": "Description that is really long\n  and wraps to other lines.\n"
        },
        {
          "type": "CommentBlockTag",
          "tag": "arg",
          "kind": "Type",
          "name": "name",
          "description": "Description that is really long\n  and wraps to other lines.\n\n  And has line breaks, etc.\n\n"
        },
        {
          "type": "CommentBlockTag",
          "tag": "example",
          "description": "\n\n    var foo = 'bar';\n\n"
        },
        {
          "type": "CommentBlockTag",
          "tag": "tag",
          "description": "Foo bar."
        },
        {
          "type": "CommentBlockTag",
          "tag": "tag"
        }
      ]
    },
    {
      "type": "CommentBlock",
      "description": "# Title\n\nLong description that spans multiple\nlines and even has other markdown\ntype things.\n\nLike more paragraphs.\n\n* Like\n* Lists\n\n    var code = 'samples';\n\n",
      "trailingCode": "",
      "tags": [
        {
          "type": "CommentBlockTag",
          "tag": "arg",
          "kind": "Type",
          "name": "name",
          "description": "Description.\n"
        },
        {
          "type": "CommentBlockTag",
          "tag": "arg",
          "kind": "Type",
          "name": "name",
          "description": "Description that is really long\n  and wraps to other lines.\n"
        },
        {
          "type": "CommentBlockTag",
          "tag": "arg",
          "kind": "Type",
          "name": "name",
          "description": "Description that is really long\n  and wraps to other lines.\n\n  And has line breaks, etc.\n\n"
        },
        {
          "type": "CommentBlockTag",
          "tag": "example",
          "description": "\n\n    var foo = 'bar';\n\n"
        },
        {
          "type": "CommentBlockTag",
          "tag": "tag",
          "description": "Foo bar."
        },
        {
          "type": "CommentBlockTag",
          "tag": "tag"
        }
      ]
    },
    {
      "type": "CommentBlock",
      "description": "# Title\n\nLong description that spans multiple\nlines and even has other markdown\ntype things.\n\nLike more paragraphs.\n\n* Like\n* Lists\n\n    var code = 'samples';\n\n",
      "trailingCode": "",
      "tags": [
        {
          "type": "CommentBlockTag",
          "tag": "arg",
          "kind": "Type",
          "name": "name",
          "description": "Description.\n"
        },
        {
          "type": "CommentBlockTag",
          "tag": "arg",
          "kind": "Type",
          "name": "name",
          "description": "Description that is really long\n  and wraps to other lines.\n"
        },
        {
          "type": "CommentBlockTag",
          "tag": "arg",
          "kind": "Type",
          "name": "name",
          "description": "Description that is really long\n  and wraps to other lines.\n\n  And has line breaks, etc.\n\n"
        },
        {
          "type": "CommentBlockTag",
          "tag": "example",
          "description": "\n\n    var foo = 'bar';\n\n"
        },
        {
          "type": "CommentBlockTag",
          "tag": "tag",
          "description": "Foo bar."
        },
        {
          "type": "CommentBlockTag",
          "tag": "tag"
        }
      ]
    },
    {
      "type": "CommentBlock",
      "description": "# Title\n\nLong description that spans multiple\nlines and even has other markdown\ntype things.\n\nLike more paragraphs.\n\n* Like\n* Lists\n\n    var code = 'samples';\n\n",
      "trailingCode": "",
      "tags": [
        {
          "type": "CommentBlockTag",
          "tag": "arg",
          "kind": "Type",
          "name": "name",
          "description": "Description.\n"
        },
        {
          "type": "CommentBlockTag",
          "tag": "arg",
          "kind": "Type",
          "name": "name",
          "description": "Description that is really long\n  and wraps to other lines.\n"
        },
        {
          "type": "CommentBlockTag",
          "tag": "arg",
          "kind": "Type",
          "name": "name",
          "description": "Description that is really long\n  and wraps to other lines.\n\n  And has line breaks, etc.\n\n"
        },
        {
          "type": "CommentBlockTag",
          "tag": "example",
          "description": "\n\n    var foo = 'bar';\n\n"
        },
        {
          "type": "CommentBlockTag",
          "tag": "tag",
          "description": "Foo bar."
        },
        {
          "type": "CommentBlockTag",
          "tag": "tag"
        }
      ]
    },
    {
      "type": "CommentBlock",
      "description": "# Title\n\nLong description that spans multiple\nlines and even has other markdown\ntype things.\n\nLike more paragraphs.\n\n* Like\n* Lists\n\n    var code = 'samples';\n\n",
      "trailingCode": "",
      "tags": [
        {
          "type": "CommentBlockTag",
          "tag": "arg",
          "kind": "Type",
          "name": "name",
          "description": "Description.\n"
        },
        {
          "type": "CommentBlockTag",
          "tag": "arg",
          "kind": "Type",
          "name": "name",
          "description": "Description that is really long\n  and wraps to other lines.\n"
        },
        {
          "type": "CommentBlockTag",
          "tag": "arg",
          "kind": "Type",
          "name": "name",
          "description": "Description that is really long\n  and wraps to other lines.\n\n  And has line breaks, etc.\n\n"
        },
        {
          "type": "CommentBlockTag",
          "tag": "example",
          "description": "\n\n    var foo = 'bar';\n\n"
        },
        {
          "type": "CommentBlockTag",
          "tag": "tag",
          "description": "Foo bar."
        },
        {
          "type": "CommentBlockTag",
          "tag": "tag"
        }
      ]
    },
    {
      "type": "CommentBlock",
      "description": "# Title\n\nLong description that spans multiple\nlines and even has other markdown\ntype things.\n\nLike more paragraphs.\n\n* Like\n* Lists\n\n    var code = 'samples';\n\n",
      "trailingCode": "",
      "tags": [
        {
          "type": "CommentBlockTag",
          "tag": "arg",
          "kind": "Type",
          "name": "name",
          "description": "Description.\n"
        },
        {
          "type": "CommentBlockTag",
          "tag": "arg",
          "kind": "Type",
          "name": "name",
          "description": "Description that is really long\n  and wraps to other lines.\n"
        },
        {
          "type": "CommentBlockTag",
          "tag": "arg",
          "kind": "Type",
          "name": "name",
          "description": "Description that is really long\n  and wraps to other lines.\n\n  And has line breaks, etc.\n\n"
        },
        {
          "type": "CommentBlockTag",
          "tag": "example",
          "description": "\n\n    var foo = 'bar';\n\n"
        },
        {
          "type": "CommentBlockTag",
          "tag": "tag",
          "description": "Foo bar."
        },
        {
          "type": "CommentBlockTag",
          "tag": "tag"
        }
      ]
    }
  ]
}
