[
    { "type": "Code", "body": "" },
    {
        "type": "DocBlock",
        "description": "# Title\n\nLong description that spans multiple\nlines and even has other markdown\ntype things.\n\nLike more paragraphs.\n\n* Like\n* Lists\n\n    var code = 'samples';\n\n",
        "tags": [
            { "tag": "arg", "type": "{Type}", "name": "name", "description": "Description.\n" },
            { "tag": "arg", "type": "{Type}", "name": "name", "description": "Description that is really long\n  and wraps to other lines.\n" },
            { "tag": "arg", "type": "{Type}", "name": "name", "description": "Description that is really long\n  and wraps to other lines.\n\n  And has line breaks, etc.\n\n" },
            { "tag": "example", "description": "\n\n    var foo = 'bar';\n\n" },
            { "tag": "tag" }
        ],
        "raw": "/**\n * # Title\n *\n * Long description that spans multiple\n * lines and even has other markdown\n * type things.\n *\n * Like more paragraphs.\n *\n * * Like\n * * Lists\n *\n *     var code = 'samples';\n *\n * @arg {Type} name Description.\n * @arg {Type} name Description that is really long\n *   and wraps to other lines.\n * @arg {Type} name Description that is really long\n *   and wraps to other lines.\n *\n *   And has line breaks, etc.\n *\n * @example\n *\n *     var foo = 'bar';\n *\n * @tag\n */"
    },
    { "type": "Code", "body": "\n\n" },
    {
        "type": "DocBlock",
        "description": "# Title\n\nLong description that spans multiple\nlines and even has other markdown\ntype things.\n\nLike more paragraphs.\n\n* Like\n* Lists\n\n    var code = 'samples';\n\n",
        "tags": [
            { "tag": "arg", "type": "{Type}", "name": "name", "description": "Description.\n" },
            { "tag": "arg", "type": "{Type}", "name": "name", "description": "Description that is really long\n  and wraps to other lines.\n" },
            { "tag": "arg", "type": "{Type}", "name": "name", "description": "Description that is really long\n  and wraps to other lines.\n\n  And has line breaks, etc.\n\n" },
            { "tag": "example", "description": "\n\n    var foo = 'bar';\n\n" },
            { "tag": "tag" }
        ],
        "raw": "/**\n# Title\n\nLong description that spans multiple\nlines and even has other markdown\ntype things.\n\nLike more paragraphs.\n\n* Like\n* Lists\n\n    var code = 'samples';\n\n@arg {Type} name Description.\n@arg {Type} name Description that is really long\n  and wraps to other lines.\n@arg {Type} name Description that is really long\n  and wraps to other lines.\n\n  And has line breaks, etc.\n\n@example\n\n    var foo = 'bar';\n\n@tag\n */"
    },
    { "type": "Code", "body": "\n\n" },
    {
        "type": "DocBlock",
        "description": "# Title\n\nLong description that spans multiple\nlines and even has other markdown\ntype things.\n\nLike more paragraphs.\n\n* Like\n* Lists\n\n    var code = 'samples';\n\n",
        "tags": [
            { "tag": "arg", "type": "{Type}", "name": "name", "description": "Description.\n" },
            { "tag": "arg", "type": "{Type}", "name": "name", "description": "Description that is really long\n  and wraps to other lines.\n" },
            { "tag": "arg", "type": "{Type}", "name": "name", "description": "Description that is really long\n  and wraps to other lines.\n\n  And has line breaks, etc.\n\n" },
            { "tag": "example", "description": "\n\n    var foo = 'bar';\n\n" },
            { "tag": "tag" }
        ],
        "raw": "/**\n    # Title\n\n    Long description that spans multiple\n    lines and even has other markdown\n    type things.\n\n    Like more paragraphs.\n\n    * Like\n    * Lists\n\n        var code = 'samples';\n\n    @arg {Type} name Description.\n    @arg {Type} name Description that is really long\n      and wraps to other lines.\n    @arg {Type} name Description that is really long\n      and wraps to other lines.\n\n      And has line breaks, etc.\n\n    @example\n\n        var foo = 'bar';\n\n    @tag\n */"
    },
    { "type": "Code", "body": "\n\n" },
    {
        "type": "DocBlock",
        "description": "# Title\n\nLong description that spans multiple\nlines and even has other markdown\ntype things.\n\nLike more paragraphs.\n\n* Like\n* Lists\n\n    var code = 'samples';\n\n",
        "tags": [
            { "tag": "arg", "type": "{Type}", "name": "name", "description": "Description.\n" },
            { "tag": "arg", "type": "{Type}", "name": "name", "description": "Description that is really long\n  and wraps to other lines.\n" },
            { "tag": "arg", "type": "{Type}", "name": "name", "description": "Description that is really long\n  and wraps to other lines.\n\n  And has line breaks, etc.\n\n" },
            { "tag": "example", "description": "\n\n    var foo = 'bar';\n\n" },
            { "tag": "tag" }
        ],
        "raw": "    /**\n     * # Title\n     *\n     * Long description that spans multiple\n     * lines and even has other markdown\n     * type things.\n     *\n     * Like more paragraphs.\n     *\n     * * Like\n     * * Lists\n     *\n     *     var code = 'samples';\n     *\n     * @arg {Type} name Description.\n     * @arg {Type} name Description that is really long\n     *   and wraps to other lines.\n     * @arg {Type} name Description that is really long\n     *   and wraps to other lines.\n     *\n     *   And has line breaks, etc.\n     *\n     * @example\n     *\n     *     var foo = 'bar';\n     *\n     * @tag\n     */"
    },
    { "type": "Code", "body": "\n\n" },
    {
        "type": "DocBlock",
        "description": "# Title\n\nLong description that spans multiple\nlines and even has other markdown\ntype things.\n\nLike more paragraphs.\n\n* Like\n* Lists\n\n    var code = 'samples';\n\n",
        "tags": [
            { "tag": "arg", "type": "{Type}", "name": "name", "description": "Description.\n" },
            { "tag": "arg", "type": "{Type}", "name": "name", "description": "Description that is really long\n  and wraps to other lines.\n" },
            { "tag": "arg", "type": "{Type}", "name": "name", "description": "Description that is really long\n  and wraps to other lines.\n\n  And has line breaks, etc.\n\n" },
            { "tag": "example", "description": "\n\n    var foo = 'bar';\n\n" },
            { "tag": "tag" }
        ],
        "raw": "    /**\n    # Title\n\n    Long description that spans multiple\n    lines and even has other markdown\n    type things.\n\n    Like more paragraphs.\n\n    * Like\n    * Lists\n\n        var code = 'samples';\n\n    @arg {Type} name Description.\n    @arg {Type} name Description that is really long\n      and wraps to other lines.\n    @arg {Type} name Description that is really long\n      and wraps to other lines.\n\n      And has line breaks, etc.\n\n    @example\n\n        var foo = 'bar';\n\n    @tag\n     */"
    },
    { "type": "Code", "body": "\n\n" },
    {
        "type": "DocBlock",
        "description": "# Title\n\nLong description that spans multiple\nlines and even has other markdown\ntype things.\n\nLike more paragraphs.\n\n* Like\n* Lists\n\n    var code = 'samples';\n\n",
        "tags": [
            { "tag": "arg", "type": "{Type}", "name": "name", "description": "Description.\n" },
            { "tag": "arg", "type": "{Type}", "name": "name", "description": "Description that is really long\n  and wraps to other lines.\n" },
            { "tag": "arg", "type": "{Type}", "name": "name", "description": "Description that is really long\n  and wraps to other lines.\n\n  And has line breaks, etc.\n\n" },
            { "tag": "example", "description": "\n\n    var foo = 'bar';\n\n" },
            { "tag": "tag" }
        ],
        "raw": "    /**\n        # Title\n\n        Long description that spans multiple\n        lines and even has other markdown\n        type things.\n\n        Like more paragraphs.\n\n        * Like\n        * Lists\n\n            var code = 'samples';\n\n        @arg {Type} name Description.\n        @arg {Type} name Description that is really long\n          and wraps to other lines.\n        @arg {Type} name Description that is really long\n          and wraps to other lines.\n\n          And has line breaks, etc.\n\n        @example\n\n            var foo = 'bar';\n\n        @tag\n    */"
    },
    { "type": "Code", "body": "\n" }
]
