[
    { "type": "Code", "body": "" },
    { "type": "DocBlock", "description": "", "tags": [{ "tag": "arg", "name": "name" }] },
    { "type": "Code", "body": "\n" },
    { "type": "DocBlock", "description": "", "tags": [{ "tag": "arg", "name": "[name]" }] },
    { "type": "Code", "body": "\n" },
    { "type": "DocBlock", "description": "", "tags": [{ "tag": "arg", "name": "[name={}]" }] },
    { "type": "Code", "body": "\n" },
    { "type": "DocBlock", "description": "", "tags": [{ "tag": "arg", "name": "[name=\"hello world\"]" }] },
    { "type": "Code", "body": "\n" }
]
