{
  "type": "Documentation",
  "body": [
    {
      "type": "CommentBlock",
      "description": "",
      "trailingCode": "",
      "tags": [
        {
          "type": "CommentBlockTag",
          "tag": "arg",
          "name": "name"
        }
      ]
    },
    {
      "type": "CommentBlock",
      "description": "",
      "trailingCode": "",
      "tags": [
        {
          "type": "CommentBlockTag",
          "tag": "arg",
          "name": "[name]"
        }
      ]
    },
    {
      "type": "CommentBlock",
      "description": "",
      "trailingCode": "",
      "tags": [
        {
          "type": "CommentBlockTag",
          "tag": "arg",
          "name": "[name={}]"
        }
      ]
    },
    {
      "type": "CommentBlock",
      "description": "",
      "trailingCode": "",
      "tags": [
        {
          "type": "CommentBlockTag",
          "tag": "arg",
          "name": "[name=\"hello world\"]"
        }
      ]
    }
  ]
}
