{
  "type": "Document",
  "blocks": [
    {
      "type": "Code",
      "contents": ""
    },
    {
      "type": "Comment",
      "description": "",
      "tags": []
    },
    {
      "type": "Code",
      "contents": ""
    }
  ],
  "nav": {
    "parent": "bar",
    "name": "foo",
    "title": "Navigation Class"
  }
}
