{
  "type": "Documentation",
  "body": [
    {
      "type": "CommentBlock",
      "description": "",
      "trailingCode": "",
      "tags": [
        {
          "type": "CommentBlockTag",
          "tag": "tag",
          "kind": "Type",
          "description": "Description here."
        }
      ]
    },
    {
      "type": "CommentBlock",
      "description": "",
      "trailingCode": "",
      "tags": [
        {
          "type": "CommentBlockTag",
          "tag": "tag",
          "kind": "Type",
          "description": "Description here."
        }
      ]
    },
    {
      "type": "CommentBlock",
      "description": "",
      "trailingCode": "",
      "tags": [
        {
          "type": "CommentBlockTag",
          "tag": "tag",
          "description": "Description."
        }
      ]
    },
    {
      "type": "CommentBlock",
      "description": "",
      "trailingCode": "",
      "tags": [
        {
          "type": "CommentBlockTag",
          "tag": "tag",
          "description": "Description."
        }
      ]
    },
    {
      "type": "CommentBlock",
      "description": "",
      "trailingCode": "",
      "tags": [
        {
          "type": "CommentBlockTag",
          "tag": "tag"
        }
      ]
    }
  ]
}
