{
  "type": "Documentation",
  "body": [
    {
      "type": "CommentBlock",
      "description": "",
      "trailingCode": "",
      "tags": [
        {
          "type": "CommentBlockTag",
          "tag": "arg",
          "kind": "Type"
        }
      ]
    },
    {
      "type": "CommentBlock",
      "description": "",
      "trailingCode": "",
      "tags": [
        {
          "type": "CommentBlockTag",
          "tag": "arg",
          "kind": "String|Object"
        }
      ]
    },
    {
      "type": "CommentBlock",
      "description": "",
      "trailingCode": "",
      "tags": [
        {
          "type": "CommentBlockTag",
          "tag": "arg",
          "kind": "Array.<Object.<String,Number>>"
        }
      ]
    },
    {
      "type": "CommentBlock",
      "description": "",
      "trailingCode": "",
      "tags": [
        {
          "type": "CommentBlockTag",
          "tag": "arg",
          "kind": "Function(String, ...[Number]): Number",
          "name": "callback"
        }
      ]
    }
  ]
}
